// Jest Snapshot v1, https://goo.gl/fbAQLP

exports[`renders correctly 1`] = `
<div
  className="loadingio-spinner-rolling-2z17f7wpdxc"
>
  <div
    className="ldio-9lbbo67wlf6"
  >
    <div />
  </div>
</div>
`;
